[debug] [2026-09-06T03:30:54.239Z] ----------------------------------------------------------------------
[debug] [2026-09-06T03:30:54.242Z] Command:       C:\Program Files\nodejs\node.exe C:\Users\power\AppData\Roaming\npm\node_modules\firebase-tools\lib\bin\firebase.js deploy --project powermetrics-bi --only hosting
[debug] [2026-09-06T03:30:54.242Z] CLI Version:   15.20.0
[debug] [2026-09-06T03:30:54.242Z] Platform:      win32
[debug] [2026-09-06T03:30:54.242Z] Node Version:  v24.15.0
[debug] [2026-09-06T03:30:54.242Z] Time:          Sun Sep 06 2026 00:30:54 GMT-0300 (Horário Padrão de Brasília)
[debug] [2026-09-06T03:30:54.243Z] ----------------------------------------------------------------------
[debug] 
[debug] [2026-09-06T03:30:56.654Z] > command requires scopes: ["email","openid","https://www.googleapis.com/auth/cloudplatformprojects.readonly","https://www.googleapis.com/auth/firebase","https://www.googleapis.com/auth/cloud-platform"]
[debug] [2026-09-06T03:30:56.655Z] > authorizing via signed-in user (consultoria@powermetrics.com.br)
[debug] [2026-09-06T03:30:56.655Z] [iam] checking project powermetrics-bi for permissions ["firebase.projects.get","firebasehosting.sites.update"]
[debug] [2026-09-06T03:30:56.657Z] Checked if tokens are valid: false, expires at: 1788665450512
[debug] [2026-09-06T03:30:56.657Z] Checked if tokens are valid: false, expires at: 1788665450512
[debug] [2026-09-06T03:30:56.657Z] > refreshing access token with scopes: []
[debug] [2026-09-06T03:30:56.658Z] >>> [apiv2][query] POST https://www.googleapis.com/oauth2/v3/token [none]
[debug] [2026-09-06T03:30:56.658Z] >>> [apiv2][body] POST https://www.googleapis.com/oauth2/v3/token [omitted]
[debug] [2026-09-06T03:30:56.917Z] <<< [apiv2][status] POST https://www.googleapis.com/oauth2/v3/token 400
[debug] [2026-09-06T03:30:56.917Z] <<< [apiv2][body] POST https://www.googleapis.com/oauth2/v3/token [omitted]
[error] Authentication Error: Your credentials are no longer valid. Please run firebase login --reauth

For CI servers and headless environments, generate a new token with firebase login:ci
[error] Authentication Error: Your credentials are no longer valid. Please run firebase login --reauth

For CI servers and headless environments, generate a new token with firebase login:ci
[debug] [2026-09-06T03:30:56.917Z] [iam] error while checking permissions, command may fail: Authentication Error: Your credentials are no longer valid. Please run firebase login --reauth

For CI servers and headless environments, generate a new token with firebase login:ci
[debug] [2026-09-06T03:30:56.918Z] Checked if tokens are valid: false, expires at: 1788665450512
[debug] [2026-09-06T03:30:56.918Z] Checked if tokens are valid: false, expires at: 1788665450512
[debug] [2026-09-06T03:30:56.918Z] > refreshing access token with scopes: []
[debug] [2026-09-06T03:30:56.918Z] >>> [apiv2][query] POST https://www.googleapis.com/oauth2/v3/token [none]
[debug] [2026-09-06T03:30:56.918Z] >>> [apiv2][body] POST https://www.googleapis.com/oauth2/v3/token [omitted]
[debug] [2026-09-06T03:30:57.015Z] <<< [apiv2][status] POST https://www.googleapis.com/oauth2/v3/token 400
[debug] [2026-09-06T03:30:57.016Z] <<< [apiv2][body] POST https://www.googleapis.com/oauth2/v3/token [omitted]
[error] Authentication Error: Your credentials are no longer valid. Please run firebase login --reauth

For CI servers and headless environments, generate a new token with firebase login:ci
[error] Authentication Error: Your credentials are no longer valid. Please run firebase login --reauth

For CI servers and headless environments, generate a new token with firebase login:ci
[debug] [2026-09-06T03:30:57.016Z] Authentication Error: Your credentials are no longer valid. Please run firebase login --reauth

For CI servers and headless environments, generate a new token with firebase login:ci
[error] 
[error] Error: Assertion failed: resolving hosting target of a site with no site name or target name. This should have caused an error earlier
[debug] [2026-09-06T03:31:25.530Z] ----------------------------------------------------------------------
[debug] [2026-09-06T03:31:25.532Z] Command:       C:\Program Files\nodejs\node.exe C:\Users\power\AppData\Roaming\npm\node_modules\firebase-tools\lib\bin\firebase.js deploy --project powermetrics-bi --only hosting
[debug] [2026-09-06T03:31:25.532Z] CLI Version:   15.20.0
[debug] [2026-09-06T03:31:25.533Z] Platform:      win32
[debug] [2026-09-06T03:31:25.533Z] Node Version:  v24.15.0
[debug] [2026-09-06T03:31:25.533Z] Time:          Sun Sep 06 2026 00:31:25 GMT-0300 (Horário Padrão de Brasília)
[debug] [2026-09-06T03:31:25.533Z] ----------------------------------------------------------------------
[debug] 
[debug] [2026-09-06T03:31:28.176Z] > command requires scopes: ["email","openid","https://www.googleapis.com/auth/cloudplatformprojects.readonly","https://www.googleapis.com/auth/firebase","https://www.googleapis.com/auth/cloud-platform"]
[debug] [2026-09-06T03:31:28.177Z] > authorizing via signed-in user (consultoria@powermetrics.com.br)
[debug] [2026-09-06T03:31:28.177Z] [iam] checking project powermetrics-bi for permissions ["firebase.projects.get","firebasehosting.sites.update"]
[debug] [2026-09-06T03:31:28.179Z] Checked if tokens are valid: false, expires at: 1788665450512
[debug] [2026-09-06T03:31:28.179Z] Checked if tokens are valid: false, expires at: 1788665450512
[debug] [2026-09-06T03:31:28.179Z] > refreshing access token with scopes: []
[debug] [2026-09-06T03:31:28.181Z] >>> [apiv2][query] POST https://www.googleapis.com/oauth2/v3/token [none]
[debug] [2026-09-06T03:31:28.181Z] >>> [apiv2][body] POST https://www.googleapis.com/oauth2/v3/token [omitted]
[debug] [2026-09-06T03:31:28.415Z] <<< [apiv2][status] POST https://www.googleapis.com/oauth2/v3/token 400
[debug] [2026-09-06T03:31:28.415Z] <<< [apiv2][body] POST https://www.googleapis.com/oauth2/v3/token [omitted]
[error] Authentication Error: Your credentials are no longer valid. Please run firebase login --reauth

For CI servers and headless environments, generate a new token with firebase login:ci
[error] Authentication Error: Your credentials are no longer valid. Please run firebase login --reauth

For CI servers and headless environments, generate a new token with firebase login:ci
[debug] [2026-09-06T03:31:28.415Z] [iam] error while checking permissions, command may fail: Authentication Error: Your credentials are no longer valid. Please run firebase login --reauth

For CI servers and headless environments, generate a new token with firebase login:ci
[debug] [2026-09-06T03:31:28.416Z] Checked if tokens are valid: false, expires at: 1788665450512
[debug] [2026-09-06T03:31:28.416Z] Checked if tokens are valid: false, expires at: 1788665450512
[debug] [2026-09-06T03:31:28.416Z] > refreshing access token with scopes: []
[debug] [2026-09-06T03:31:28.416Z] >>> [apiv2][query] POST https://www.googleapis.com/oauth2/v3/token [none]
[debug] [2026-09-06T03:31:28.416Z] >>> [apiv2][body] POST https://www.googleapis.com/oauth2/v3/token [omitted]
[debug] [2026-09-06T03:31:28.521Z] <<< [apiv2][status] POST https://www.googleapis.com/oauth2/v3/token 400
[debug] [2026-09-06T03:31:28.521Z] <<< [apiv2][body] POST https://www.googleapis.com/oauth2/v3/token [omitted]
[error] Authentication Error: Your credentials are no longer valid. Please run firebase login --reauth

For CI servers and headless environments, generate a new token with firebase login:ci
[error] Authentication Error: Your credentials are no longer valid. Please run firebase login --reauth

For CI servers and headless environments, generate a new token with firebase login:ci
[debug] [2026-09-06T03:31:28.521Z] Authentication Error: Your credentials are no longer valid. Please run firebase login --reauth

For CI servers and headless environments, generate a new token with firebase login:ci
[error] 
[error] Error: Assertion failed: resolving hosting target of a site with no site name or target name. This should have caused an error earlier
